
> Configure project :
MixinGradle did not locate the diffplug APT plugin, skipping eclipse task configuration

> Task :downloadMcpConfig
> Task :extractSrg UP-TO-DATE
> Task :createMcpToSrg UP-TO-DATE

> Task :compileJava
.\gradlew : Note: SpongePowered MIXIN 
Annotation Processor Version=0.8.7 
(MixinGradle Version=0.7.38)
At line:1 char:1
+ .\gradlew classes > build_output.txt 
2>&1
+ ~~~~~~~~~~~~~~~~~~~~~~~~~~~~~~~~~~~~~~
~~~
    + CategoryInfo          : NotSpecif 
   ied: (Note: SpongePow...Version=0.7  
  .38):String) [], RemoteException
    + FullyQualifiedErrorId : NativeCom 
   mandError
 
Note: Supported obfuscation types: 
ObfuscationServiceMCP supports [notch] 
ObfuscationServiceFG3 supports [searge]
Note: Loading searge mappings from 
D:\Workspaces\Minecraft Projects\MC Mods
\Inventors\Create-Tiers\build\createMcpT
oSrg\output.tsrg
Note: Writing refmap to 
D:\Workspaces\Minecraft Projects\MC Mods
\Inventors\Create-Tiers\build\tmp\compil
eJava\compileJava-refmap.json
Note: Writing refmap to 
D:\Workspaces\Minecraft Projects\MC Mods
\Inventors\Create-Tiers\build\tmp\compil
eJava\compileJava-refmap.json
Note: Writing searge composite mappings 
to D:\Workspaces\Minecraft Projects\MC M
ods\Inventors\Create-Tiers\build\tmp\com
pileJava\compileJava-mappings.tsrg
Note: Writing refmap to 
D:\Workspaces\Minecraft Projects\MC Mods
\Inventors\Create-Tiers\build\tmp\compil
eJava\compileJava-refmap.json
Note: Writing refmap to 
D:\Workspaces\Minecraft Projects\MC Mods
\Inventors\Create-Tiers\build\tmp\compil
eJava\compileJava-refmap.json
Note: Writing searge composite mappings 
to D:\Workspaces\Minecraft Projects\MC M
ods\Inventors\Create-Tiers\build\tmp\com
pileJava\compileJava-mappings.tsrg
D:\Workspaces\Minecraft Projects\MC Mods
\Inventors\Create-Tiers\src\main\java\co
m\createtiers\client\TestResourceLocatio
n.java:12: error: cannot find symbol
            String n2 = loc.namespace();
                           ^
  symbol:   method namespace()
  location: variable loc of type 
ResourceLocation
D:\Workspaces\Minecraft Projects\MC Mods
\Inventors\Create-Tiers\src\main\java\co
m\createtiers\client\TestResourceLocatio
n.java:13: error: cannot find symbol
            String p2 = loc.path();
                           ^
  symbol:   method path()
  location: variable loc of type 
ResourceLocation
D:\Workspaces\Minecraft Projects\MC Mods
\Inventors\Create-Tiers\src\main\java\co
m\createtiers\client\TieredKineticBlockE
ntityRenderer.java:81: warning: 
[removal] 
ResourceLocation(String,String) in 
ResourceLocation has been deprecated 
and marked for removal
            dev.engine_room.flywheel.lib
.model.baked.PartialModel gearModel = de
v.engine_room.flywheel.lib.model.baked.P
artialModel.of(new net.minecraft.resourc
es.ResourceLocation(com.createtiers.Crea
teTiers.MOD_ID, "block/" + 
tier.getName() + 
"/cogwheel_shaftless"));
                                        
                                        
                                        
               ^
2 errors
1 warning

> Task :compileJava FAILED

FAILURE: Build failed with an exception.

* What went wrong:
Execution failed for task 
':compileJava'.
> Compilation failed; see the compiler 
error output for details.

* Try:
> Run with --info option to get more 
log output.
> Run with --scan to get full insights.

Deprecated Gradle features were used in this build, making it incompatible with Gradle 9.0.

You can use '--warning-mode all' to show the individual deprecation warnings and determine if they come from your own scripts or plugins.

For more on this, please refer to https://docs.gradle.org/8.6/userguide/command_line_interface.html#sec:command_line_warnings in the Gradle documentation.

BUILD FAILED in 13s
4 actionable tasks: 2 executed, 2 up-to-date
